// Jest Snapshot v1, https://goo.gl/fbAQLP

exports[`Calculator Page Render the Calculator page user interaction 1`] = `
<div
  className="content"
>
  <h2
    data-testid="h2Id"
  >
    Let's Do Some Math!
  </h2>
  <div
    className="calc-container"
  >
    <div
      className="result-screen"
    >
      0
    </div>
    <div
      className="buttons"
    >
      <button
        className="gray-btn"
        onClick={[Function]}
        type="button"
      >
        AC
      </button>
      <button
        className="gray-btn"
        onClick={[Function]}
        type="button"
      >
        +/-
      </button>
      <button
        className="gray-btn"
        onClick={[Function]}
        type="button"
      >
        %
      </button>
      <button
        className="orange-btn"
        onClick={[Function]}
        type="button"
      >
        /
      </button>
      <button
        className="gray-btn"
        onClick={[Function]}
        type="button"
      >
        7
      </button>
      <button
        className="gray-btn"
        onClick={[Function]}
        type="button"
      >
        8
      </button>
      <button
        className="gray-btn"
        onClick={[Function]}
        type="button"
      >
        9
      </button>
      <button
        className="orange-btn"
        onClick={[Function]}
        type="button"
      >
        *
      </button>
      <button
        className="gray-btn"
        onClick={[Function]}
        type="button"
      >
        4
      </button>
      <button
        className="gray-btn"
        onClick={[Function]}
        type="button"
      >
        5
      </button>
      <button
        className="gray-btn"
        onClick={[Function]}
        type="button"
      >
        6
      </button>
      <button
        className="orange-btn"
        onClick={[Function]}
        type="button"
      >
        -
      </button>
      <button
        className="gray-btn"
        onClick={[Function]}
        type="button"
      >
        1
      </button>
      <button
        className="gray-btn"
        onClick={[Function]}
        type="button"
      >
        2
      </button>
      <button
        className="gray-btn"
        onClick={[Function]}
        type="button"
      >
        3
      </button>
      <button
        className="orange-btn"
        onClick={[Function]}
        type="button"
      >
        +
      </button>
      <button
        className="zero-btn"
        onClick={[Function]}
        type="button"
      >
        0
      </button>
      <button
        className="gray-btn"
        onClick={[Function]}
        type="button"
      >
        .
      </button>
      <button
        className="orange-btn"
        onClick={[Function]}
        type="button"
      >
        =
      </button>
    </div>
  </div>
</div>
`;
