// Jest Snapshot v1, https://goo.gl/fbAQLP

exports[`Navbar Should render the user interaction of navbar 1`] = `[Function]`;
