// Jest Snapshot v1, https://goo.gl/fbAQLP

exports[`Snapshot of the Quote page 1`] = `
<div
  className="content"
>
  <p
    className="quote"
  >
    Mathematics is not about numbers, equations, computations, or algorithmic, it is about understanding. - William Paul Thurston
  </p>
</div>
`;
